__CANONICAL_PATH__:14-29
class CoreService implements ServiceContract {
__CANONICAL_PATH__:15-15
    constructor(private readonly repository: UserRepository) {}
        ...
__CANONICAL_PATH__:17-23
    async loadProfile(userId: number): Promise<ApiResponse<UserRecord>> {
        ...
__CANONICAL_PATH__:25-28
    withClosure(prefix: string): Handler<string> {
        ...
__CANONICAL_PATH__:26-26
        (value: string): string => `${prefix}:${value}`
            ...